Testing with unescaped quote...
[
  {
    "role": "user",
    "content": "Okay I\\'m a student"
  }
]
Testing with longer string...
[
  {
    "role": "user",
    "content": "Okay I\\'m a student. Uh, willing for the internship"
  }
]
